exports[`test renders the whole tree correctly 1`] = `
<div
  className="sc-htpNat dEQUjC">
  <div
    className="sc-ifAKCX dsKbuV">
    <img
      alt="logo"
      className="sc-bxivhb dBqngZ"
      src="logo.svg" />
    <h2>
      WeWeekly
    </h2>
  </div>
  <div
    className="sc-EHOje jwKvwv">
    <a
      className="sc-bwzfXH dJuWjI"
      href="www.mock.com"
      target="_blank">
      <div
        className="sc-bdVaJa dcJUZD">
        <div
          className="Article-overlay iclOJA">
          <p
            className="Article-title leClUn">
            Mock Title
          </p>
          <p
            className="Article-description ggtoTs"
            dangerouslySetInnerHTML={
              Object {
                "__html": "Mock Description",
              }
            } />
        </div>
      </div>
    </a>
  </div>
</div>
`;
