exports[`test renders the whole tree correctly 1`] = `
<div
  className="sc-gqjmRU hnZXkc">
  <div
    className="sc-htoDjs jYopNu">
    <img
      alt="logo"
      className="sc-dnqmqq eUpCLg"
      src="logo.svg" />
    <a
      className="sc-gZMcBi hRBFMN"
      href="http://undefined:4000/connect/twitter"
      target="_blank">
      <p>
         Log In 
      </p>
       
      <img
        className="sc-iwsKbI bRERnf" />
    </a>
  </div>
  <div
    className="sc-VigVT jXUwyP">
    <div
      className="sc-bdVaJa eiCtpY"
      onClick={[Function]}>
      <div
        className="sc-htpNat bkCRgV">
        <a
          className="sc-bwzfXH dJuWjI"
          href="www.mock.com"
          target="_blank">
          <p
            className="sc-bxivhb iVCSiy">
            MOCK TITLE
          </p>
        </a>
        <div
          className="sc-EHOje cMZYen">
          <img
            className="sc-bZQynM ggNUa"
            src="http://www.google.com/s2/favicons?domain=null" />
          <p
            className="sc-gzVnrw ilHWvv">
             
             
          </p>
        </div>
        <p
          className="sc-ifAKCX fCYjuz"
          dangerouslySetInnerHTML={
            Object {
              "__html": "Mock Description",
            }
          } />
      </div>
    </div>
  </div>
</div>
`;
