exports[`test renders the whole tree correctly 1`] = `
<div
  className="sc-bZQynM bOrPFB">
  <div
    className="sc-htpNat ghGhCM">
    <img
      alt="logo"
      className="sc-bxivhb fCpta"
      src="logo.svg" />
    <a
      className="sc-EHOje eBbdTR"
      href="http://undefined:4000/connect/twitter"
      target="_blank">
      <p>
         Log In 
      </p>
       
      <img
        className="sc-ifAKCX kEYhHh" />
    </a>
  </div>
  <div
    className="sc-gzVnrw hxWJUE">
    <a
      className="sc-bwzfXH dJuWjI"
      href="www.mock.com"
      target="_blank">
      <div
        className="sc-bdVaJa YyvBA">
        <div
          className="Article-overlay eHUKna">
          <p
            className="Article-title hbZVTZ">
            Mock Title
          </p>
          <p
            className="Article-description dcdLcC"
            dangerouslySetInnerHTML={
              Object {
                "__html": "Mock Description",
              }
            } />
        </div>
      </div>
    </a>
  </div>
</div>
`;
